FILE_subdir_s1.c "CONFIG_DE && CONFIG_DE && CONFIG_XY"
FILE_subdir_s2.c "CONFIG_DE && CONFIG_DE && (CONFIG_Z || CONFIG_Z_MODULE) && !CONFIG_XY"
FILE_subdir_s3.c "CONFIG_DE && CONFIG_DE"
FILE_subdir_s4.S "CONFIG_DE && CONFIG_DE && (CONFIG_FG || CONFIG_FG_MODULE) && (CONFIG_Z || CONFIG_Z_MODULE)"
FILE_subdir_s5.c "CONFIG_DE && (CONFIG_Z || CONFIG_Z_MODULE)"
FILE_subdir_s6.c "CONFIG_DE && (CONFIG_Z || CONFIG_Z_MODULE)"
FILE_a.c
FILE_b.c
FILE_c.c "CONFIG_XY"
FILE_d.c "!CONFIG_XY"
FILE_e.c "CONFIG_XY"
FILE_f.c "CONFIG_XY && !CONFIG_XY"
FILE_g.c "CONFIG_XY && CONFIG_XY"
FILE_h.c "!CONFIG_XY"
FILE_i.c "(CONFIG_ABC || CONFIG_ABC_MODULE)"
FILE_j.S "(CONFIG_ABC || CONFIG_ABC_MODULE) && CONFIG_XY"
FILE_k.c "(CONFIG_ABC || CONFIG_ABC_MODULE) && !CONFIG_XY"
FILE_m.c "!(CONFIG_ABC || CONFIG_ABC_MODULE)"
FILE_x.c "CONFIG_DE && !CONFIG_XY"
FILE_y.c "CONFIG_DE && (CONFIG_Z || CONFIG_Z_MODULE) && CONFIG_XY"
FILE_z.c "(!CONFIG_XY && (CONFIG_Z || CONFIG_Z_MODULE) || CONFIG_DE)"
